// Jest Snapshot v1, https://goo.gl/fbAQLP

exports[`Password Generator Page Should render page and match snapshot 1`] = `
<main
  data-testid="password-generator"
>
  <div
    class="container-fluid"
  >
    <div
      class="justify-content-md-center mb-4 row"
    >
      <div
        class="col-md-auto"
      >
        <p
          class="fs-2"
        >
          Password Generator
        </p>
        <div
          class="mb-3"
        >
          <label
            class="form-label"
          >
            Generated password
          </label>
          <input
            class="form-control"
            type="text"
            value=""
          />
        </div>
        <div
          class="d-flex justify-content-around"
        >
          <button
            class="btn btn-warning"
            data-testid="reset-password"
            type="button"
          >
            Reset
          </button>
          <button
            class="btn btn-secondary"
            data-testid="copy-password"
            type="button"
          >
            Copy value
          </button>
        </div>
      </div>
    </div>
    <div
      class="justify-content-md-center mb-4 row"
    >
      <div
        class="col-md-auto"
      >
        <div
          class="my-2 form-check form-switch"
        >
          <input
            class="form-check-input"
            type="checkbox"
          />
          <label
            class="form-check-label"
            title=""
          >
            Enable numbers
          </label>
        </div>
        <div
          class="my-2 form-check form-switch"
        >
          <input
            class="form-check-input"
            type="checkbox"
          />
          <label
            class="form-check-label"
            title=""
          >
            Enable Uppercase Letters
          </label>
        </div>
        <div
          class="my-2 form-check form-switch"
        >
          <input
            class="form-check-input"
            type="checkbox"
          />
          <label
            class="form-check-label"
            title=""
          >
            Enable Special Characters
          </label>
        </div>
      </div>
    </div>
    <div
      class="justify-content-md-center mb-4 row"
    >
      <div
        class="col-md-auto"
      >
        <label
          class="form-label"
        >
          Password length
          : 
          8
        </label>
        <input
          class="form-range"
          max="18"
          min="1"
          step="1"
          type="range"
          value="8"
        />
      </div>
    </div>
    <div
      class="justify-content-md-center mb-4 row"
    >
      <div
        class="d-flex justify-content-between col-md-auto"
      >
        <button
          class="btn btn-outline-primary"
          type="button"
        >
          Generate Password
        </button>
      </div>
    </div>
    <div
      class="justify-content-md-center row"
    >
      <div
        class="col-md-auto"
      />
    </div>
  </div>
</main>
`;
